// Jest Snapshot v1, https://goo.gl/fbAQLP

exports[`renders correctly 1`] = `
<View
  style={
    Object {
      "alignContent": "center",
      "backgroundColor": "#fff",
      "flex": 1,
      "justifyContent": "flex-start",
      "top": 40,
    }
  }
>
  <RCTSafeAreaView
    emulateUnlessSupported={true}
    style={
      Object {
        "flex": 1,
      }
    }
  >
    <View
      style={
        Object {
          "alignContent": "center",
          "alignItems": "center",
          "backgroundColor": "skyblue",
          "flexDirection": "row",
          "height": 50,
        }
      }
    >
      <Text
        allowFontScaling={false}
        onPress={[Function]}
        style={
          Array [
            Object {
              "color": undefined,
              "fontSize": 20,
            },
            Object {
              "fontSize": 20,
              "paddingLeft": 10,
              "paddingRight": 20,
            },
            Object {
              "fontFamily": "FontAwesome",
              "fontStyle": "normal",
              "fontWeight": "normal",
            },
            Object {},
          ]
        }
      >
        
      </Text>
      <Text
        style={
          Object {
            "alignItems": "center",
            "fontSize": 20,
            "fontWeight": "bold",
            "justifyContent": "center",
            "paddingLeft": 10,
            "textAlign": "center",
          }
        }
      >
        Services List
      </Text>
      <Text
        allowFontScaling={false}
        style={
          Array [
            Object {
              "color": undefined,
              "fontSize": 20,
            },
            Object {
              "position": "absolute",
              "right": 60,
            },
            Object {
              "fontFamily": "FontAwesome",
              "fontStyle": "normal",
              "fontWeight": "normal",
            },
            Object {},
          ]
        }
      >
        
      </Text>
      <Text
        allowFontScaling={false}
        onPress={[Function]}
        style={
          Array [
            Object {
              "color": undefined,
              "fontSize": 20,
            },
            undefined,
            Object {
              "fontFamily": "anticon",
              "fontStyle": "normal",
              "fontWeight": "normal",
            },
            Object {},
          ]
        }
      >
        
      </Text>
    </View>
    <View
      style={
        Object {
          "flex": 1,
          "padding": 20,
        }
      }
    >
      <RCTScrollView
        data={Array []}
        disableVirtualization={false}
        getItem={[Function]}
        getItemCount={[Function]}
        horizontal={false}
        initialNumToRender={10}
        keyExtractor={[Function]}
        maxToRenderPerBatch={10}
        onContentSizeChange={[Function]}
        onEndReachedThreshold={2}
        onLayout={[Function]}
        onMomentumScrollEnd={[Function]}
        onScroll={[Function]}
        onScrollBeginDrag={[Function]}
        onScrollEndDrag={[Function]}
        removeClippedSubviews={false}
        renderItem={[Function]}
        scrollEventThrottle={50}
        stickyHeaderIndices={Array []}
        updateCellsBatchingPeriod={50}
        viewabilityConfigCallbackPairs={Array []}
        windowSize={21}
      >
        <View />
      </RCTScrollView>
    </View>
  </RCTSafeAreaView>
</View>
`;
