// Jest Snapshot v1, https://goo.gl/fbAQLP

exports[`renders correctly 1`] = `
<View
  style={
    Object {
      "alignContent": "center",
      "backgroundColor": "#fff",
      "flex": 1,
      "justifyContent": "flex-start",
      "top": 40,
    }
  }
>
  <RCTSafeAreaView
    emulateUnlessSupported={true}
    style={
      Object {
        "flex": 1,
      }
    }
  >
    <View
      style={
        Object {
          "alignContent": "center",
          "alignItems": "center",
          "backgroundColor": "skyblue",
          "flexDirection": "row",
          "height": 50,
        }
      }
    >
      <Text
        allowFontScaling={false}
        onPress={[Function]}
        style={
          Array [
            Object {
              "color": undefined,
              "fontSize": 20,
            },
            Object {
              "fontSize": 20,
              "paddingLeft": 10,
              "paddingRight": 20,
            },
            Object {
              "fontFamily": "FontAwesome5Free-Solid",
              "fontStyle": "normal",
              "fontWeight": "normal",
            },
            Object {
              "fontWeight": "900",
            },
          ]
        }
      >
        
      </Text>
      <Text
        style={
          Object {
            "alignItems": "center",
            "fontSize": 20,
            "fontWeight": "bold",
            "justifyContent": "center",
            "paddingLeft": 10,
            "textAlign": "center",
          }
        }
      >
        Your Cart
      </Text>
      <Text
        allowFontScaling={false}
        onPress={[Function]}
        style={
          Array [
            Object {
              "color": undefined,
              "fontSize": 20,
            },
            undefined,
            Object {
              "fontFamily": "anticon",
              "fontStyle": "normal",
              "fontWeight": "normal",
            },
            Object {},
          ]
        }
      >
        
      </Text>
    </View>
    <Text
      style={
        Object {
          "fontSize": 20,
          "fontWeight": "700",
          "margin": 50,
          "textAlign": "center",
        }
      }
    >
      Order Placed Successfully
    </Text>
  </RCTSafeAreaView>
</View>
`;
